// Jest Snapshot v1, https://goo.gl/fbAQLP

exports[`snapshot test 1`] = `
Object {
  "Resources": Object {
    "GuardDutyNotificationRule6F3FBB81": Object {
      "Properties": Object {
        "Description": "Alert to SNS topic when find threats by Guardduty",
        "EventPattern": Object {
          "detail-type": Array [
            "GuardDuty Finding",
          ],
          "source": Array [
            "aws.guardduty",
          ],
        },
        "Name": "GuardDutyNotificationRule",
        "State": "ENABLED",
        "Targets": Array [
          Object {
            "Arn": Object {
              "Ref": "GuardDutyTopic003A9A5B",
            },
            "Id": "Target0",
          },
        ],
      },
      "Type": "AWS::Events::Rule",
    },
    "GuardDutyTopic003A9A5B": Object {
      "Type": "AWS::SNS::Topic",
    },
    "GuardDutyTopicPolicy0CA49850": Object {
      "Properties": Object {
        "PolicyDocument": Object {
          "Statement": Array [
            Object {
              "Action": "sns:Publish",
              "Effect": "Allow",
              "Principal": Object {
                "Service": "events.amazonaws.com",
              },
              "Resource": Object {
                "Ref": "GuardDutyTopic003A9A5B",
              },
              "Sid": "0",
            },
          ],
          "Version": "2012-10-17",
        },
        "Topics": Array [
          Object {
            "Ref": "GuardDutyTopic003A9A5B",
          },
        ],
      },
      "Type": "AWS::SNS::TopicPolicy",
    },
    "SlackChannelConfigurationC73E0866": Object {
      "Properties": Object {
        "ConfigurationName": "SecurityAlert",
        "IamRoleArn": Object {
          "Fn::GetAtt": Array [
            "SlackChannelConfigurationConfigurationRole066766EC",
            "Arn",
          ],
        },
        "SlackChannelId": "test-slackChannelId",
        "SlackWorkspaceId": "test-slackWorkspaceId",
        "SnsTopicArns": Array [
          Object {
            "Ref": "GuardDutyTopic003A9A5B",
          },
        ],
      },
      "Type": "AWS::Chatbot::SlackChannelConfiguration",
    },
    "SlackChannelConfigurationConfigurationRole066766EC": Object {
      "Properties": Object {
        "AssumeRolePolicyDocument": Object {
          "Statement": Array [
            Object {
              "Action": "sts:AssumeRole",
              "Effect": "Allow",
              "Principal": Object {
                "Service": "chatbot.amazonaws.com",
              },
            },
          ],
          "Version": "2012-10-17",
        },
      },
      "Type": "AWS::IAM::Role",
    },
  },
}
`;
